Godot Engine v4.7.2.stable.official.ed1daf0bf - https://godotengine.org
OpenGL API 4.1 Metal - 89.4 - Compatibility - Using Device: Apple - Apple M2

ENEMY_RENDERED archer-room
ENEMY_RENDERED archer-aim
ENEMY_RENDERED archer-arrow
ENEMY_RENDERED mage-warning
ENEMY_RENDERED mage-burst
ENEMY_RENDERED three-types
ENEMY_RENDERED motion-000
ENEMY_RENDERED motion-001
ENEMY_RENDERED motion-002
ENEMY_RENDERED motion-003
ENEMY_RENDERED motion-004
ENEMY_RENDERED motion-005
ENEMY_RENDERED motion-006
ENEMY_RENDERED motion-007
ENEMY_RENDERED motion-008
ENEMY_RENDERED motion-009
ENEMY_RENDERED motion-010
ENEMY_RENDERED motion-011
ENEMY_RENDERED motion-012
ENEMY_RENDERED motion-013
ENEMY_RENDERED motion-014
ENEMY_RENDERED motion-015
ENEMY_RENDERED motion-016
ENEMY_RENDERED motion-017
ENEMY_RENDERED motion-018
ENEMY_RENDERED motion-019
ENEMY_RENDERED motion-020
ENEMY_RENDERED motion-021
ENEMY_RENDERED motion-022
ENEMY_RENDERED motion-023
ENEMY_RENDERED motion-024
ENEMY_RENDERED motion-025
ENEMY_RENDERED motion-026
ENEMY_RENDERED motion-027
ENEMY_RENDERED motion-028
ENEMY_RENDERED motion-029
ENEMY_RENDERED motion-030
ENEMY_RENDERED motion-031
ENEMY_RENDERED motion-032
ENEMY_RENDERED motion-033
ENEMY_RENDERED motion-034
ENEMY_RENDERED motion-035
ENEMY_RENDERED motion-036
ENEMY_RENDERED motion-037
ENEMY_RENDERED motion-038
ENEMY_RENDERED motion-039
ENEMY_RENDERED motion-040
ENEMY_RENDERED motion-041
ENEMY_RENDERED motion-042
ENEMY_RENDERED motion-043
ENEMY_RENDERED motion-044
ENEMY_RENDERED motion-045
ENEMY_RENDERED motion-046
ENEMY_RENDERED motion-047
ENEMY_RENDERED motion-048
ENEMY_RENDERED motion-049
ENEMY_RENDERED motion-050
ENEMY_RENDERED motion-051
ENEMY_RENDERED motion-052
ENEMY_RENDERED motion-053
ENEMY_RENDERED motion-054
ENEMY_RENDERED motion-055
ENEMY_RENDERED motion-056
ENEMY_RENDERED motion-057
ENEMY_RENDERED motion-058
ENEMY_RENDERED motion-059
ENEMY_ROSTER_RENDER_PASS
